2026-03-10 13:32:55.653 INFO (MainThread) [homeassistant.setup] Setup of domain system_log took 0.01 seconds
2026-03-10 13:32:55.653 INFO (MainThread) [homeassistant.setup] Setup of domain logger took 0.01 seconds
2026-03-10 13:32:55.655 INFO (MainThread) [homeassistant.setup] Setup of domain http took 0.01 seconds
2026-03-10 13:32:55.655 INFO (MainThread) [homeassistant.setup] Setting up websocket_api
2026-03-10 13:32:55.655 INFO (MainThread) [homeassistant.setup] Setup of domain websocket_api took 0.00 seconds
2026-03-10 13:32:55.656 INFO (MainThread) [homeassistant.setup] Setting up network
2026-03-10 13:32:55.657 INFO (MainThread) [homeassistant.setup] Setup of domain network took 0.00 seconds
2026-03-10 13:32:55.657 INFO (MainThread) [homeassistant.bootstrap] Setting up stage labs: {'labs'}; already set up: {}
Dependencies: {}; already set up: {}
2026-03-10 13:32:55.657 INFO (MainThread) [homeassistant.setup] Setting up labs
2026-03-10 13:32:55.657 INFO (MainThread) [homeassistant.setup] Setup of domain labs took 0.00 seconds
2026-03-10 13:32:55.657 INFO (MainThread) [homeassistant.bootstrap] Setting up stage frontend: {'frontend'}; already set up: {}
Dependencies: {'device_automation', 'auth', 'lovelace', 'diagnostics', 'config', 'api', 'file_upload', 'onboarding', 'repairs', 'search'}; already set up: {'system_log', 'websocket_api', 'http'}
2026-03-10 13:32:55.657 INFO (MainThread) [homeassistant.setup] Setting up device_automation
2026-03-10 13:32:55.657 INFO (MainThread) [homeassistant.setup] Setup of domain device_automation took 0.00 seconds
2026-03-10 13:32:55.657 INFO (MainThread) [homeassistant.setup] Setting up api
2026-03-10 13:32:55.658 INFO (MainThread) [homeassistant.setup] Setup of domain api took 0.00 seconds
2026-03-10 13:32:55.658 INFO (MainThread) [homeassistant.setup] Setting up auth
2026-03-10 13:32:55.658 INFO (MainThread) [homeassistant.setup] Setup of domain auth took 0.00 seconds
2026-03-10 13:32:55.658 INFO (MainThread) [homeassistant.setup] Setting up config
2026-03-10 13:32:55.659 INFO (MainThread) [homeassistant.setup] Setup of domain config took 0.00 seconds
2026-03-10 13:32:55.659 INFO (MainThread) [homeassistant.setup] Setting up diagnostics
2026-03-10 13:32:55.659 INFO (MainThread) [homeassistant.setup] Setup of domain diagnostics took 0.00 seconds
2026-03-10 13:32:55.659 INFO (MainThread) [homeassistant.setup] Setting up file_upload
2026-03-10 13:32:55.659 INFO (MainThread) [homeassistant.setup] Setup of domain file_upload took 0.00 seconds
2026-03-10 13:32:55.659 INFO (MainThread) [homeassistant.setup] Setting up onboarding
2026-03-10 13:32:55.659 INFO (MainThread) [homeassistant.setup] Setting up repairs
2026-03-10 13:32:55.659 INFO (MainThread) [homeassistant.setup] Setup of domain repairs took 0.00 seconds
2026-03-10 13:32:55.659 INFO (MainThread) [homeassistant.setup] Setting up search
2026-03-10 13:32:55.659 INFO (MainThread) [homeassistant.setup] Setup of domain search took 0.00 seconds
2026-03-10 13:32:55.661 INFO (MainThread) [homeassistant.setup] Setup of domain onboarding took 0.00 seconds
2026-03-10 13:32:55.662 INFO (MainThread) [homeassistant.setup] Setting up lovelace
2026-03-10 13:32:55.663 INFO (MainThread) [homeassistant.setup] Setup of domain lovelace took 0.00 seconds
2026-03-10 13:32:55.664 INFO (MainThread) [homeassistant.setup] Setting up frontend
2026-03-10 13:32:55.667 INFO (MainThread) [homeassistant.setup] Setup of domain frontend took 0.00 seconds
2026-03-10 13:32:55.667 INFO (MainThread) [homeassistant.bootstrap] Setting up stage recorder: {'recorder'}; already set up: {}
Dependencies: {}; already set up: {}
2026-03-10 13:32:55.668 INFO (MainThread) [homeassistant.components.http] Now listening on port 8123
2026-03-10 13:32:55.668 INFO (MainThread) [homeassistant.setup] Setup of domain http took 0.00 seconds
2026-03-10 13:32:55.670 INFO (MainThread) [homeassistant.setup] Setting up recorder
2026-03-10 13:32:55.690 INFO (MainThread) [homeassistant.setup] Setup of domain recorder took 0.02 seconds
2026-03-10 13:32:55.690 INFO (MainThread) [homeassistant.bootstrap] Nothing to set up in stage debugger: {'debugpy'}
2026-03-10 13:32:55.690 INFO (MainThread) [homeassistant.bootstrap] Setting up stage zeroconf: {'zeroconf'}; already set up: {}
Dependencies: {}; already set up: {'network', 'api', 'websocket_api', 'http'}
2026-03-10 13:32:55.690 INFO (MainThread) [homeassistant.setup] Setting up zeroconf
2026-03-10 13:32:55.693 INFO (MainThread) [homeassistant.components.zeroconf] Starting Zeroconf broadcast
2026-03-10 13:32:55.693 INFO (MainThread) [homeassistant.setup] Setup of domain zeroconf took 0.00 seconds
2026-03-10 13:32:55.693 INFO (MainThread) [homeassistant.bootstrap] Setting up stage 1: {'cloud', 'ssdp', 'usb', 'bluetooth', 'dhcp'}; already set up: {}
Dependencies: {'conversation', 'wake_word', 'backup', 'tts', 'stt', 'assist_pipeline', 'intent', 'webhook', 'ffmpeg', 'web_rtc'}; already set up: {'websocket_api', 'http', 'auth', 'network', 'repairs'}
2026-03-10 13:32:55.693 INFO (MainThread) [homeassistant.setup] Setting up webhook
2026-03-10 13:32:55.693 INFO (MainThread) [homeassistant.setup] Setup of domain webhook took 0.00 seconds
2026-03-10 13:32:55.694 INFO (MainThread) [homeassistant.setup] Setting up backup
2026-03-10 13:32:55.695 INFO (MainThread) [homeassistant.setup] Setup of domain backup took 0.00 seconds
2026-03-10 13:32:55.698 INFO (MainThread) [homeassistant.setup] Setting up intent
2026-03-10 13:32:55.698 INFO (MainThread) [homeassistant.setup] Setup of domain intent took 0.00 seconds
2026-03-10 13:32:55.699 INFO (MainThread) [homeassistant.setup] Setting up wake_word
2026-03-10 13:32:55.699 INFO (MainThread) [homeassistant.setup] Setup of domain wake_word took 0.00 seconds
2026-03-10 13:32:55.703 INFO (MainThread) [homeassistant.setup] Setting up ffmpeg
2026-03-10 13:32:55.703 INFO (MainThread) [homeassistant.setup] Setup of domain ffmpeg took 0.00 seconds
2026-03-10 13:32:55.704 INFO (MainThread) [homeassistant.setup] Setting up stt
2026-03-10 13:32:55.704 INFO (MainThread) [homeassistant.setup] Setup of domain stt took 0.00 seconds
2026-03-10 13:32:55.706 INFO (MainThread) [homeassistant.setup] Setting up web_rtc
2026-03-10 13:32:55.706 INFO (MainThread) [homeassistant.setup] Setup of domain web_rtc took 0.00 seconds
2026-03-10 13:32:55.735 INFO (MainThread) [homeassistant.setup] Setting up ssdp
2026-03-10 13:32:55.737 INFO (MainThread) [homeassistant.setup] Setup of domain ssdp took 0.00 seconds
2026-03-10 13:32:55.750 INFO (MainThread) [homeassistant.setup] Setting up usb
2026-03-10 13:32:55.750 INFO (MainThread) [homeassistant.setup] Setup of domain usb took 0.00 seconds
2026-03-10 13:32:55.768 INFO (MainThread) [homeassistant.setup] Setting up dhcp
2026-03-10 13:32:55.769 INFO (MainThread) [homeassistant.setup] Setup of domain dhcp took 0.00 seconds
2026-03-10 13:32:55.815 INFO (MainThread) [homeassistant.setup] Setting up conversation
2026-03-10 13:32:55.815 INFO (MainThread) [homeassistant.setup] Setup of domain conversation took 0.00 seconds
2026-03-10 13:32:55.839 INFO (MainThread) [homeassistant.setup] Setting up tts
2026-03-10 13:32:55.839 INFO (SyncWorker_3) [homeassistant.components.tts] Create cache dir /config/tts
2026-03-10 13:32:55.841 INFO (MainThread) [homeassistant.setup] Setup of domain tts took 0.00 seconds
2026-03-10 13:32:55.844 INFO (MainThread) [homeassistant.setup] Setting up bluetooth
2026-03-10 13:32:55.863 INFO (MainThread) [homeassistant.setup] Setup of domain bluetooth took 0.02 seconds
2026-03-10 13:32:55.864 INFO (MainThread) [homeassistant.setup] Setting up assist_pipeline
2026-03-10 13:32:55.865 INFO (MainThread) [homeassistant.setup] Setup of domain assist_pipeline took 0.00 seconds
2026-03-10 13:32:56.053 INFO (MainThread) [homeassistant.setup] Setting up cloud
2026-03-10 13:32:56.055 INFO (MainThread) [homeassistant.setup] Setup of domain cloud took 0.00 seconds
2026-03-10 13:32:56.055 INFO (MainThread) [homeassistant.bootstrap] Setting up stage 2: {'person', 'automation', 'counter', 'analytics', 'brands', 'input_number', 'scene', 'input_text', 'application_credentials', 'input_button', 'input_datetime', 'default_config', 'system_health', 'timer', 'tag', 'input_boolean', 'hardware', 'demo', 'schedule', 'input_select', 'script', 'zone'}; already set up: {'backup', 'frontend', 'labs', 'logger', 'network', 'homeassistant'}
Dependencies: {'blueprint', 'trace', 'mobile_app', 'my', 'media_source', 'image_upload', 'history', 'usage_prediction', 'energy', 'homeassistant_alerts', 'sun', 'go2rtc', 'file', 'group', 'stream', 'camera', 'logbook'}; already set up: {'backup', 'recorder', 'assist_pipeline', 'dhcp', 'device_automation', 'frontend', 'http', 'lovelace', 'tts', 'bluetooth', 'zeroconf', 'file_upload', 'onboarding', 'search', 'cloud', 'wake_word', 'websocket_api', 'auth', 'system_log', 'usb', 'config', 'ssdp', 'stt', 'intent', 'network', 'repairs', 'conversation', 'webhook', 'api', 'ffmpeg', 'web_rtc', 'diagnostics'}
2026-03-10 13:32:56.055 INFO (MainThread) [homeassistant.setup] Setting up scene
2026-03-10 13:32:56.055 INFO (MainThread) [homeassistant.components.scene] Setting up homeassistant.scene
2026-03-10 13:32:56.055 INFO (MainThread) [homeassistant.setup] Setup of domain scene took 0.00 seconds
2026-03-10 13:32:56.055 INFO (MainThread) [homeassistant.setup] Setting up camera
2026-03-10 13:32:56.055 INFO (MainThread) [homeassistant.setup] Setting up blueprint
2026-03-10 13:32:56.056 INFO (MainThread) [homeassistant.setup] Setup of domain blueprint took 0.00 seconds
2026-03-10 13:32:56.056 INFO (MainThread) [homeassistant.setup] Setting up image_upload
2026-03-10 13:32:56.056 INFO (MainThread) [homeassistant.setup] Setting up zone
2026-03-10 13:32:56.056 INFO (MainThread) [homeassistant.setup] Setting up trace
2026-03-10 13:32:56.056 INFO (MainThread) [homeassistant.setup] Setup of domain trace took 0.00 seconds
2026-03-10 13:32:56.056 INFO (MainThread) [homeassistant.setup] Setting up automation
2026-03-10 13:32:56.056 INFO (MainThread) [homeassistant.setup] Setup of domain automation took 0.00 seconds
2026-03-10 13:32:56.056 INFO (MainThread) [homeassistant.setup] Setting up history
2026-03-10 13:32:56.056 INFO (MainThread) [homeassistant.setup] Setup of domain history took 0.00 seconds
2026-03-10 13:32:56.057 INFO (MainThread) [homeassistant.setup] Setting up input_number
2026-03-10 13:32:56.057 INFO (MainThread) [homeassistant.setup] Setting up media_source
2026-03-10 13:32:56.057 INFO (MainThread) [homeassistant.setup] Setup of domain media_source took 0.00 seconds
2026-03-10 13:32:56.057 INFO (MainThread) [homeassistant.setup] Setting up input_button
2026-03-10 13:32:56.057 INFO (MainThread) [homeassistant.setup] Setting up stream
2026-03-10 13:32:56.057 INFO (MainThread) [homeassistant.setup] Setting up logbook
2026-03-10 13:32:56.057 INFO (MainThread) [homeassistant.setup] Setup of domain logbook took 0.00 seconds
2026-03-10 13:32:56.058 INFO (MainThread) [homeassistant.setup] Setting up system_health
2026-03-10 13:32:56.058 INFO (MainThread) [homeassistant.setup] Setup of domain system_health took 0.00 seconds
2026-03-10 13:32:56.058 INFO (MainThread) [homeassistant.setup] Setting up timer
2026-03-10 13:32:56.058 INFO (MainThread) [homeassistant.setup] Setting up input_boolean
2026-03-10 13:32:56.058 INFO (MainThread) [homeassistant.setup] Setting up group
2026-03-10 13:32:56.058 INFO (MainThread) [homeassistant.setup] Setup of domain group took 0.00 seconds
2026-03-10 13:32:56.058 INFO (MainThread) [homeassistant.setup] Setting up input_select
2026-03-10 13:32:56.065 INFO (MainThread) [homeassistant.setup] Setting up script
2026-03-10 13:32:56.065 INFO (MainThread) [homeassistant.helpers.entity_registry] Registered new script.script entity: script.iw3ip_publish_demo_temperature
2026-03-10 13:32:56.065 INFO (MainThread) [homeassistant.helpers.entity_registry] Registered new script.script entity: script.iw3ip_publish_demo_power
2026-03-10 13:32:56.065 INFO (MainThread) [homeassistant.helpers.entity_registry] Registered new script.script entity: script.iw3ip_publish_demo_person_detected
2026-03-10 13:32:56.066 INFO (MainThread) [homeassistant.helpers.entity_registry] Registered new script.script entity: script.iw3ip_publish_demo_flood_risk_high
2026-03-10 13:32:56.066 INFO (MainThread) [homeassistant.helpers.entity_registry] Registered new script.script entity: script.iw3ip_publish_demo_possible_littering
2026-03-10 13:32:56.066 INFO (MainThread) [homeassistant.setup] Setup of domain script took 0.00 seconds
2026-03-10 13:32:56.066 INFO (MainThread) [homeassistant.setup] Setup of domain image_upload took 0.01 seconds
2026-03-10 13:32:56.066 INFO (MainThread) [homeassistant.setup] Setup of domain camera took 0.01 seconds
2026-03-10 13:32:56.067 INFO (MainThread) [homeassistant.setup] Setup of domain timer took 0.01 seconds
2026-03-10 13:32:56.067 INFO (MainThread) [homeassistant.setup] Setup of domain zone took 0.01 seconds
2026-03-10 13:32:56.067 INFO (MainThread) [homeassistant.setup] Setup of domain input_number took 0.01 seconds
2026-03-10 13:32:56.067 INFO (MainThread) [homeassistant.setup] Setup of domain input_button took 0.01 seconds
2026-03-10 13:32:56.068 INFO (MainThread) [homeassistant.setup] Setting up person
2026-03-10 13:32:56.068 INFO (MainThread) [homeassistant.setup] Setup of domain person took 0.00 seconds
2026-03-10 13:32:56.069 INFO (MainThread) [homeassistant.setup] Setup of domain input_select took 0.01 seconds
2026-03-10 13:32:56.070 INFO (MainThread) [homeassistant.setup] Setup of domain input_boolean took 0.01 seconds
2026-03-10 13:32:56.072 INFO (MainThread) [homeassistant.setup] Setting up my
2026-03-10 13:32:56.072 INFO (MainThread) [homeassistant.setup] Setup of domain my took 0.00 seconds
2026-03-10 13:32:56.082 INFO (MainThread) [homeassistant.setup] Setting up counter
2026-03-10 13:32:56.083 INFO (MainThread) [homeassistant.setup] Setup of domain counter took 0.00 seconds
2026-03-10 13:32:56.088 INFO (MainThread) [homeassistant.setup] Setting up energy
2026-03-10 13:32:56.088 INFO (MainThread) [homeassistant.setup] Setting up sensor
2026-03-10 13:32:56.088 INFO (MainThread) [homeassistant.setup] Setup of domain sensor took 0.00 seconds
2026-03-10 13:32:56.088 INFO (MainThread) [homeassistant.setup] Setup of domain energy took 0.00 seconds
2026-03-10 13:32:56.091 INFO (MainThread) [homeassistant.setup] Setting up homeassistant_alerts
2026-03-10 13:32:56.091 INFO (MainThread) [homeassistant.setup] Setup of domain homeassistant_alerts took 0.00 seconds
2026-03-10 13:32:56.092 INFO (MainThread) [homeassistant.setup] Setting up brands
2026-03-10 13:32:56.092 INFO (MainThread) [homeassistant.setup] Setup of domain brands took 0.00 seconds
2026-03-10 13:32:56.095 INFO (MainThread) [homeassistant.setup] Setting up file
2026-03-10 13:32:56.095 INFO (MainThread) [homeassistant.setup] Setup of domain file took 0.00 seconds
2026-03-10 13:32:56.097 INFO (MainThread) [homeassistant.setup] Setting up input_text
2026-03-10 13:32:56.098 INFO (MainThread) [homeassistant.setup] Setup of domain input_text took 0.00 seconds
2026-03-10 13:32:56.099 INFO (MainThread) [homeassistant.setup] Setting up usage_prediction
2026-03-10 13:32:56.099 INFO (MainThread) [homeassistant.setup] Setup of domain usage_prediction took 0.00 seconds
2026-03-10 13:32:56.103 INFO (MainThread) [homeassistant.setup] Setting up application_credentials
2026-03-10 13:32:56.105 INFO (MainThread) [homeassistant.setup] Setup of domain application_credentials took 0.00 seconds
2026-03-10 13:32:56.107 INFO (MainThread) [homeassistant.setup] Setting up input_datetime
2026-03-10 13:32:56.109 INFO (MainThread) [homeassistant.setup] Setup of domain input_datetime took 0.00 seconds
2026-03-10 13:32:56.111 INFO (MainThread) [homeassistant.setup] Setting up tag
2026-03-10 13:32:56.112 INFO (MainThread) [homeassistant.setup] Setup of domain tag took 0.00 seconds
2026-03-10 13:32:56.115 INFO (MainThread) [homeassistant.setup] Setup of domain stream took 0.06 seconds
2026-03-10 13:32:56.115 INFO (MainThread) [homeassistant.setup] Setting up sun
2026-03-10 13:32:56.115 INFO (MainThread) [homeassistant.setup] Setup of domain sun took 0.00 seconds
2026-03-10 13:32:56.116 INFO (MainThread) [homeassistant.setup] Setting up binary_sensor
2026-03-10 13:32:56.116 INFO (MainThread) [homeassistant.setup] Setup of domain binary_sensor took 0.00 seconds
2026-03-10 13:32:56.116 INFO (MainThread) [homeassistant.components.binary_sensor] Setting up sun.binary_sensor
2026-03-10 13:32:56.117 INFO (MainThread) [homeassistant.helpers.entity_registry] Registered new binary_sensor.sun entity: binary_sensor.sun_solar_rising
2026-03-10 13:32:56.117 INFO (MainThread) [homeassistant.components.sensor] Setting up sun.sensor
2026-03-10 13:32:56.117 INFO (MainThread) [homeassistant.helpers.entity_registry] Registered new sensor.sun entity: sensor.sun_next_dawn
2026-03-10 13:32:56.117 INFO (MainThread) [homeassistant.helpers.entity_registry] Registered new sensor.sun entity: sensor.sun_next_dusk
2026-03-10 13:32:56.117 INFO (MainThread) [homeassistant.helpers.entity_registry] Registered new sensor.sun entity: sensor.sun_next_midnight
2026-03-10 13:32:56.117 INFO (MainThread) [homeassistant.helpers.entity_registry] Registered new sensor.sun entity: sensor.sun_next_noon
2026-03-10 13:32:56.117 INFO (MainThread) [homeassistant.helpers.entity_registry] Registered new sensor.sun entity: sensor.sun_next_rising
2026-03-10 13:32:56.117 INFO (MainThread) [homeassistant.helpers.entity_registry] Registered new sensor.sun entity: sensor.sun_next_setting
2026-03-10 13:32:56.117 INFO (MainThread) [homeassistant.helpers.entity_registry] Registered new sensor.sun entity: sensor.sun_solar_elevation
2026-03-10 13:32:56.117 INFO (MainThread) [homeassistant.helpers.entity_registry] Registered new sensor.sun entity: sensor.sun_solar_azimuth
2026-03-10 13:32:56.120 INFO (MainThread) [homeassistant.setup] Setting up hardware
2026-03-10 13:32:56.129 INFO (MainThread) [homeassistant.setup] Setting up schedule
2026-03-10 13:32:56.130 INFO (MainThread) [homeassistant.setup] Setup of domain schedule took 0.00 seconds
2026-03-10 13:32:56.147 INFO (MainThread) [homeassistant.setup] Setup of domain hardware took 0.03 seconds
2026-03-10 13:32:56.166 INFO (MainThread) [homeassistant.setup] Setting up go2rtc
2026-03-10 13:32:56.167 INFO (MainThread) [homeassistant.setup] Setting up demo
2026-03-10 13:32:56.168 INFO (MainThread) [homeassistant.setup] Setting up image_processing
2026-03-10 13:32:56.168 INFO (MainThread) [homeassistant.setup] Setup of domain image_processing took 0.00 seconds
2026-03-10 13:32:56.168 INFO (MainThread) [homeassistant.setup] Setting up device_tracker
2026-03-10 13:32:56.168 INFO (MainThread) [homeassistant.setup] Setup of domain device_tracker took 0.00 seconds
2026-03-10 13:32:56.168 INFO (MainThread) [homeassistant.components.sensor] Setting up energy.sensor
2026-03-10 13:32:56.168 INFO (MainThread) [homeassistant.setup] Setup of domain demo took 0.00 seconds
2026-03-10 13:32:56.172 INFO (MainThread) [homeassistant.setup] Setting up analytics
2026-03-10 13:32:56.173 INFO (MainThread) [homeassistant.setup] Setup of domain analytics took 0.00 seconds
2026-03-10 13:32:56.178 INFO (MainThread) [homeassistant.setup] Setup of domain go2rtc took 0.01 seconds
2026-03-10 13:32:56.179 INFO (MainThread) [homeassistant.setup] Setting up mobile_app
2026-03-10 13:32:56.179 INFO (MainThread) [homeassistant.setup] Setting up notify
2026-03-10 13:32:56.180 INFO (MainThread) [homeassistant.setup] Setup of domain notify took 0.00 seconds
2026-03-10 13:32:56.180 INFO (MainThread) [homeassistant.setup] Setup of domain mobile_app took 0.00 seconds
2026-03-10 13:32:56.180 INFO (MainThread) [homeassistant.components.notify] Setting up notify.mobile_app
2026-03-10 13:32:56.180 INFO (MainThread) [homeassistant.setup] Setting up default_config
2026-03-10 13:32:56.180 INFO (MainThread) [homeassistant.setup] Setup of domain default_config took 0.00 seconds
2026-03-10 13:32:56.181 INFO (MainThread) [homeassistant.components.image_processing] Setting up demo.image_processing
2026-03-10 13:32:56.182 INFO (MainThread) [homeassistant.components.device_tracker] Setting up demo.device_tracker
2026-03-10 13:32:56.192 INFO (MainThread) [homeassistant.setup] Setting up air_quality
2026-03-10 13:32:56.192 INFO (MainThread) [homeassistant.setup] Setup of domain air_quality took 0.00 seconds
2026-03-10 13:32:56.192 INFO (MainThread) [homeassistant.components.air_quality] Setting up demo.air_quality
2026-03-10 13:32:56.193 INFO (MainThread) [homeassistant.setup] Setting up alarm_control_panel
2026-03-10 13:32:56.193 INFO (MainThread) [homeassistant.setup] Setup of domain alarm_control_panel took 0.00 seconds
2026-03-10 13:32:56.193 INFO (MainThread) [homeassistant.components.alarm_control_panel] Setting up demo.alarm_control_panel
2026-03-10 13:32:56.193 INFO (MainThread) [homeassistant.helpers.entity_registry] Registered new alarm_control_panel.demo entity: alarm_control_panel.security
2026-03-10 13:32:56.193 INFO (MainThread) [homeassistant.components.binary_sensor] Setting up demo.binary_sensor
2026-03-10 13:32:56.193 INFO (MainThread) [homeassistant.helpers.entity_registry] Registered new binary_sensor.demo entity: binary_sensor.basement_floor_wet
2026-03-10 13:32:56.193 INFO (MainThread) [homeassistant.helpers.entity_registry] Registered new binary_sensor.demo entity: binary_sensor.movement_backyard
2026-03-10 13:32:56.193 INFO (MainThread) [homeassistant.setup] Setting up button
2026-03-10 13:32:56.193 INFO (MainThread) [homeassistant.setup] Setup of domain button took 0.00 seconds
2026-03-10 13:32:56.193 INFO (MainThread) [homeassistant.components.button] Setting up demo.button
2026-03-10 13:32:56.193 INFO (MainThread) [homeassistant.helpers.entity_registry] Registered new button.demo entity: button.push
2026-03-10 13:32:56.194 INFO (MainThread) [homeassistant.components.camera] Setting up demo.camera
2026-03-10 13:32:56.194 INFO (MainThread) [homeassistant.setup] Setting up calendar
2026-03-10 13:32:56.194 INFO (MainThread) [homeassistant.setup] Setup of domain calendar took 0.00 seconds
2026-03-10 13:32:56.194 INFO (MainThread) [homeassistant.components.calendar] Setting up demo.calendar
2026-03-10 13:32:56.195 INFO (MainThread) [homeassistant.setup] Setting up climate
2026-03-10 13:32:56.195 INFO (MainThread) [homeassistant.setup] Setup of domain climate took 0.00 seconds
2026-03-10 13:32:56.195 INFO (MainThread) [homeassistant.components.climate] Setting up demo.climate
2026-03-10 13:32:56.195 INFO (MainThread) [homeassistant.helpers.entity_registry] Registered new climate.demo entity: climate.heatpump
2026-03-10 13:32:56.195 INFO (MainThread) [homeassistant.helpers.entity_registry] Registered new climate.demo entity: climate.hvac
2026-03-10 13:32:56.196 INFO (MainThread) [homeassistant.helpers.entity_registry] Registered new climate.demo entity: climate.ecobee
2026-03-10 13:32:56.196 INFO (MainThread) [homeassistant.setup] Setting up cover
2026-03-10 13:32:56.196 INFO (MainThread) [homeassistant.setup] Setup of domain cover took 0.00 seconds
2026-03-10 13:32:56.196 INFO (MainThread) [homeassistant.components.cover] Setting up demo.cover
2026-03-10 13:32:56.196 INFO (MainThread) [homeassistant.helpers.entity_registry] Registered new cover.demo entity: cover.kitchen_window
2026-03-10 13:32:56.196 INFO (MainThread) [homeassistant.helpers.entity_registry] Registered new cover.demo entity: cover.hall_window
2026-03-10 13:32:56.196 INFO (MainThread) [homeassistant.helpers.entity_registry] Registered new cover.demo entity: cover.living_room_window
2026-03-10 13:32:56.196 INFO (MainThread) [homeassistant.helpers.entity_registry] Registered new cover.demo entity: cover.garage_door
2026-03-10 13:32:56.196 INFO (MainThread) [homeassistant.helpers.entity_registry] Registered new cover.demo entity: cover.pergola_roof
2026-03-10 13:32:56.196 INFO (MainThread) [homeassistant.setup] Setting up date
2026-03-10 13:32:56.197 INFO (MainThread) [homeassistant.setup] Setup of domain date took 0.00 seconds
2026-03-10 13:32:56.197 INFO (MainThread) [homeassistant.components.date] Setting up demo.date
2026-03-10 13:32:56.197 INFO (MainThread) [homeassistant.helpers.entity_registry] Registered new date.demo entity: date.date
2026-03-10 13:32:56.197 INFO (MainThread) [homeassistant.setup] Setting up datetime
2026-03-10 13:32:56.197 INFO (MainThread) [homeassistant.setup] Setup of domain datetime took 0.00 seconds
2026-03-10 13:32:56.197 INFO (MainThread) [homeassistant.components.datetime] Setting up demo.datetime
2026-03-10 13:32:56.197 INFO (MainThread) [homeassistant.helpers.entity_registry] Registered new datetime.demo entity: datetime.date_and_time
2026-03-10 13:32:56.197 INFO (MainThread) [homeassistant.setup] Setting up event
2026-03-10 13:32:56.197 INFO (MainThread) [homeassistant.setup] Setup of domain event took 0.00 seconds
2026-03-10 13:32:56.197 INFO (MainThread) [homeassistant.components.event] Setting up demo.event
2026-03-10 13:32:56.197 INFO (MainThread) [homeassistant.helpers.entity_registry] Registered new event.demo entity: event.push_button_press
2026-03-10 13:32:56.197 INFO (MainThread) [homeassistant.setup] Setting up fan
2026-03-10 13:32:56.198 INFO (MainThread) [homeassistant.setup] Setup of domain fan took 0.00 seconds
2026-03-10 13:32:56.198 INFO (MainThread) [homeassistant.components.fan] Setting up demo.fan
2026-03-10 13:32:56.221 INFO (MainThread) [homeassistant.helpers.entity_registry] Registered new fan.demo entity: fan.living_room_fan
2026-03-10 13:32:56.222 INFO (MainThread) [homeassistant.helpers.entity_registry] Registered new fan.demo entity: fan.ceiling_fan
2026-03-10 13:32:56.222 INFO (MainThread) [homeassistant.helpers.entity_registry] Registered new fan.demo entity: fan.percentage_full_fan
2026-03-10 13:32:56.222 INFO (MainThread) [homeassistant.helpers.entity_registry] Registered new fan.demo entity: fan.percentage_limited_fan
2026-03-10 13:32:56.222 INFO (MainThread) [homeassistant.helpers.entity_registry] Registered new fan.demo entity: fan.preset_only_limited_fan
2026-03-10 13:32:56.222 INFO (MainThread) [homeassistant.setup] Setting up humidifier
2026-03-10 13:32:56.222 INFO (MainThread) [homeassistant.setup] Setup of domain humidifier took 0.00 seconds
2026-03-10 13:32:56.222 INFO (MainThread) [homeassistant.components.humidifier] Setting up demo.humidifier
2026-03-10 13:32:56.222 INFO (MainThread) [homeassistant.setup] Setting up light
2026-03-10 13:32:56.223 INFO (MainThread) [homeassistant.setup] Setup of domain light took 0.00 seconds
2026-03-10 13:32:56.223 INFO (MainThread) [homeassistant.components.light] Setting up demo.light
2026-03-10 13:32:56.223 INFO (MainThread) [homeassistant.helpers.entity_registry] Registered new light.demo entity: light.bed_light
2026-03-10 13:32:56.223 INFO (MainThread) [homeassistant.helpers.entity_registry] Registered new light.demo entity: light.ceiling_lights
2026-03-10 13:32:56.223 INFO (MainThread) [homeassistant.helpers.entity_registry] Registered new light.demo entity: light.kitchen_lights
2026-03-10 13:32:56.223 INFO (MainThread) [homeassistant.helpers.entity_registry] Registered new light.demo entity: light.office_rgbw_lights
2026-03-10 13:32:56.224 INFO (MainThread) [homeassistant.helpers.entity_registry] Registered new light.demo entity: light.living_room_rgbww_lights
2026-03-10 13:32:56.224 INFO (MainThread) [homeassistant.helpers.entity_registry] Registered new light.demo entity: light.entrance_color_white_lights
2026-03-10 13:32:56.224 INFO (MainThread) [homeassistant.setup] Setting up lock
2026-03-10 13:32:56.224 INFO (MainThread) [homeassistant.setup] Setup of domain lock took 0.00 seconds
2026-03-10 13:32:56.224 INFO (MainThread) [homeassistant.components.lock] Setting up demo.lock
2026-03-10 13:32:56.224 INFO (MainThread) [homeassistant.setup] Setting up media_player
2026-03-10 13:32:56.225 INFO (MainThread) [homeassistant.setup] Setup of domain media_player took 0.00 seconds
2026-03-10 13:32:56.225 INFO (MainThread) [homeassistant.components.media_player] Setting up demo.media_player
2026-03-10 13:32:56.225 INFO (MainThread) [homeassistant.components.notify] Setting up demo.notify
2026-03-10 13:32:56.226 INFO (MainThread) [homeassistant.helpers.entity_registry] Registered new notify.demo entity: notify.notifier
2026-03-10 13:32:56.226 INFO (MainThread) [homeassistant.setup] Setting up number
2026-03-10 13:32:56.226 INFO (MainThread) [homeassistant.setup] Setup of domain number took 0.00 seconds
2026-03-10 13:32:56.226 INFO (MainThread) [homeassistant.components.number] Setting up demo.number
2026-03-10 13:32:56.226 INFO (MainThread) [homeassistant.helpers.entity_registry] Registered new number.demo entity: number.volume
2026-03-10 13:32:56.226 INFO (MainThread) [homeassistant.helpers.entity_registry] Registered new number.demo entity: number.pwm_1
2026-03-10 13:32:56.226 INFO (MainThread) [homeassistant.helpers.entity_registry] Registered new number.demo entity: number.large_range
2026-03-10 13:32:56.226 INFO (MainThread) [homeassistant.helpers.entity_registry] Registered new number.demo entity: number.small_range
2026-03-10 13:32:56.226 INFO (MainThread) [homeassistant.helpers.entity_registry] Registered new number.demo entity: number.temperature_setting
2026-03-10 13:32:56.226 INFO (MainThread) [homeassistant.setup] Setting up select
2026-03-10 13:32:56.226 INFO (MainThread) [homeassistant.setup] Setup of domain select took 0.00 seconds
2026-03-10 13:32:56.227 INFO (MainThread) [homeassistant.components.select] Setting up demo.select
2026-03-10 13:32:56.227 INFO (MainThread) [homeassistant.helpers.entity_registry] Registered new select.demo entity: select.speed
2026-03-10 13:32:56.227 INFO (MainThread) [homeassistant.components.sensor] Setting up demo.sensor
2026-03-10 13:32:56.227 INFO (MainThread) [homeassistant.helpers.entity_registry] Registered new sensor.demo entity: sensor.outside_temperature
2026-03-10 13:32:56.227 INFO (MainThread) [homeassistant.helpers.entity_registry] Registered new sensor.demo entity: sensor.outside_humidity
2026-03-10 13:32:56.227 INFO (MainThread) [homeassistant.helpers.entity_registry] Registered new sensor.demo entity: sensor.carbon_monoxide
2026-03-10 13:32:56.227 INFO (MainThread) [homeassistant.helpers.entity_registry] Registered new sensor.demo entity: sensor.carbon_dioxide
2026-03-10 13:32:56.227 INFO (MainThread) [homeassistant.helpers.entity_registry] Registered new sensor.demo entity: sensor.power_consumption
2026-03-10 13:32:56.227 INFO (MainThread) [homeassistant.helpers.entity_registry] Registered new sensor.demo entity: sensor.total_energy_kwh
2026-03-10 13:32:56.228 INFO (MainThread) [homeassistant.helpers.entity_registry] Registered new sensor.demo entity: sensor.total_energy_mwh
2026-03-10 13:32:56.228 INFO (MainThread) [homeassistant.helpers.entity_registry] Registered new sensor.demo entity: sensor.total_gas_m3
2026-03-10 13:32:56.228 INFO (MainThread) [homeassistant.helpers.entity_registry] Registered new sensor.demo entity: sensor.total_gas_ft3
2026-03-10 13:32:56.228 INFO (MainThread) [homeassistant.helpers.entity_registry] Registered new sensor.demo entity: sensor.thermostat
2026-03-10 13:32:56.228 INFO (MainThread) [homeassistant.setup] Setting up siren
2026-03-10 13:32:56.228 INFO (MainThread) [homeassistant.setup] Setup of domain siren took 0.00 seconds
2026-03-10 13:32:56.228 INFO (MainThread) [homeassistant.components.siren] Setting up demo.siren
2026-03-10 13:32:56.228 INFO (MainThread) [homeassistant.components.stt] Setting up demo.stt
2026-03-10 13:32:56.228 INFO (MainThread) [homeassistant.setup] Setting up switch
2026-03-10 13:32:56.228 INFO (MainThread) [homeassistant.setup] Setup of domain switch took 0.00 seconds
2026-03-10 13:32:56.228 INFO (MainThread) [homeassistant.components.switch] Setting up demo.switch
2026-03-10 13:32:56.229 INFO (MainThread) [homeassistant.helpers.entity_registry] Registered new switch.demo entity: switch.decorative_lights
2026-03-10 13:32:56.229 INFO (MainThread) [homeassistant.helpers.entity_registry] Registered new switch.demo entity: switch.ac
2026-03-10 13:32:56.229 INFO (MainThread) [homeassistant.setup] Setting up text
2026-03-10 13:32:56.229 INFO (MainThread) [homeassistant.setup] Setup of domain text took 0.00 seconds
2026-03-10 13:32:56.229 INFO (MainThread) [homeassistant.components.text] Setting up demo.text
2026-03-10 13:32:56.229 INFO (MainThread) [homeassistant.helpers.entity_registry] Registered new text.demo entity: text.text
2026-03-10 13:32:56.229 INFO (MainThread) [homeassistant.helpers.entity_registry] Registered new text.demo entity: text.password
2026-03-10 13:32:56.229 INFO (MainThread) [homeassistant.helpers.entity_registry] Registered new text.demo entity: text.text_with_1_to_5_characters
2026-03-10 13:32:56.229 INFO (MainThread) [homeassistant.helpers.entity_registry] Registered new text.demo entity: text.text_with_only_lower_case_characters
2026-03-10 13:32:56.229 INFO (MainThread) [homeassistant.setup] Setting up time
2026-03-10 13:32:56.229 INFO (MainThread) [homeassistant.setup] Setup of domain time took 0.00 seconds
2026-03-10 13:32:56.229 INFO (MainThread) [homeassistant.components.time] Setting up demo.time
2026-03-10 13:32:56.230 INFO (MainThread) [homeassistant.helpers.entity_registry] Registered new time.demo entity: time.time
2026-03-10 13:32:56.230 INFO (MainThread) [homeassistant.setup] Setting up update
2026-03-10 13:32:56.230 INFO (MainThread) [homeassistant.setup] Setup of domain update took 0.00 seconds
2026-03-10 13:32:56.230 INFO (MainThread) [homeassistant.components.update] Setting up demo.update
2026-03-10 13:32:56.230 INFO (MainThread) [homeassistant.helpers.entity_registry] Registered new update.demo entity: update.demo_update_no_install
2026-03-10 13:32:56.230 INFO (MainThread) [homeassistant.helpers.entity_registry] Registered new update.demo entity: update.demo_no_update
2026-03-10 13:32:56.230 INFO (MainThread) [homeassistant.helpers.entity_registry] Registered new update.demo entity: update.demo_add_on
2026-03-10 13:32:56.230 INFO (MainThread) [homeassistant.helpers.entity_registry] Registered new update.demo entity: update.demo_living_room_bulb_update
2026-03-10 13:32:56.230 INFO (MainThread) [homeassistant.helpers.entity_registry] Registered new update.demo entity: update.demo_update_with_progress
2026-03-10 13:32:56.230 INFO (MainThread) [homeassistant.helpers.entity_registry] Registered new update.demo entity: update.demo_update_with_decimal_progress
2026-03-10 13:32:56.231 INFO (MainThread) [homeassistant.setup] Setting up vacuum
2026-03-10 13:32:56.231 INFO (MainThread) [homeassistant.setup] Setup of domain vacuum took 0.00 seconds
2026-03-10 13:32:56.231 INFO (MainThread) [homeassistant.components.vacuum] Setting up demo.vacuum
2026-03-10 13:32:56.231 INFO (MainThread) [homeassistant.helpers.entity_registry] Registered new vacuum.demo entity: vacuum.demo_vacuum_0_ground_floor
2026-03-10 13:32:56.231 INFO (MainThread) [homeassistant.helpers.entity_registry] Registered new vacuum.demo entity: vacuum.demo_vacuum_1_first_floor
2026-03-10 13:32:56.231 INFO (MainThread) [homeassistant.helpers.entity_registry] Registered new vacuum.demo entity: vacuum.demo_vacuum_2_second_floor
2026-03-10 13:32:56.231 INFO (MainThread) [homeassistant.helpers.entity_registry] Registered new vacuum.demo entity: vacuum.demo_vacuum_3_third_floor
2026-03-10 13:32:56.231 INFO (MainThread) [homeassistant.helpers.entity_registry] Registered new vacuum.demo entity: vacuum.demo_vacuum_4_fourth_floor
2026-03-10 13:32:56.231 INFO (MainThread) [homeassistant.setup] Setting up valve
2026-03-10 13:32:56.231 INFO (MainThread) [homeassistant.setup] Setup of domain valve took 0.00 seconds
2026-03-10 13:32:56.231 INFO (MainThread) [homeassistant.components.valve] Setting up demo.valve
2026-03-10 13:32:56.232 INFO (MainThread) [homeassistant.setup] Setting up water_heater
2026-03-10 13:32:56.232 INFO (MainThread) [homeassistant.setup] Setup of domain water_heater took 0.00 seconds
2026-03-10 13:32:56.232 INFO (MainThread) [homeassistant.components.water_heater] Setting up demo.water_heater
2026-03-10 13:32:56.232 INFO (MainThread) [homeassistant.setup] Setting up weather
2026-03-10 13:32:56.232 INFO (MainThread) [homeassistant.setup] Setup of domain weather took 0.00 seconds
2026-03-10 13:32:56.232 INFO (MainThread) [homeassistant.components.weather] Setting up demo.weather
2026-03-10 13:32:56.232 INFO (MainThread) [homeassistant.helpers.entity_registry] Registered new weather.demo entity: weather.demo_weather_south
2026-03-10 13:32:56.232 INFO (MainThread) [homeassistant.helpers.entity_registry] Registered new weather.demo entity: weather.demo_weather_north
2026-03-10 13:32:56.962 INFO (MainThread) [homeassistant.bootstrap] Home Assistant initialized in 1.58s
2026-03-10 13:32:56.963 INFO (MainThread) [homeassistant.core] Starting Home Assistant 2026.3.1
2026-03-10 13:32:57.001 INFO (MainThread) [homeassistant.components.event] Setting up backup.event
2026-03-10 13:32:57.001 INFO (MainThread) [homeassistant.helpers.entity_registry] Registered new event.backup entity: event.backup_automatic_backup
2026-03-10 13:32:57.002 INFO (MainThread) [homeassistant.components.sensor] Setting up backup.sensor
2026-03-10 13:32:57.002 INFO (MainThread) [homeassistant.helpers.entity_registry] Registered new sensor.backup entity: sensor.backup_backup_manager_state
2026-03-10 13:32:57.002 INFO (MainThread) [homeassistant.helpers.entity_registry] Registered new sensor.backup entity: sensor.backup_next_scheduled_automatic_backup
2026-03-10 13:32:57.002 INFO (MainThread) [homeassistant.helpers.entity_registry] Registered new sensor.backup entity: sensor.backup_last_successful_automatic_backup
2026-03-10 13:32:57.003 INFO (MainThread) [homeassistant.helpers.entity_registry] Registered new sensor.backup entity: sensor.backup_last_attempted_automatic_backup
2026-03-10 13:33:15.312 INFO (Recorder) [homeassistant.components.recorder.pool.RecorderPool] Pool recreating
